[general]
skip skybox	night.3dx
skycolor 0.8 0.8 1.0

# LIGHTS

# yellow
[light]
type	POINT
att_const   0.9
att_linear  0.005
att_square  0.0005
color       1 0.7 0
softness    0.3
position    0 0 10

# OBJECTS

[model]
model	dojo/floor0_F.3dx
position    0 0 -0.21
phantom     0

[model]
#fastm	crate_fst.3dx
model	crate.3dx
skip rotation    0 10 0
position    -0.5 10 0.2
restitution 0.9
physical    1
locked      0
phantom     0
mass        20
shadows     1

[model]
#fastm	crate_fst.3dx
model	crate.3dx
skip rotation    0 10 0
position    -0.5 5 1.3
restitution 0.9
physical    1
locked      0
phantom     0
mass        20
shadows     1

#

[skeletized]
fastm	    human2_fst.3dx
model	    human2.3dx
rotation    0 0 180
position    -0.7 -3.3 -0.4
customBVH	0
physical    1
locked      0
phantom     0
mass        70
shadows     0
restitution 0.9
control     comboard
#enemy       1

[skeletized]
fastm	    human2_fst.3dx
model	    human2.3dx
#rotation    0 45 0
#position   -0.5 -1.5 -0.2
position    -0.5 -2   -0.2
customBVH	0
physical    1
locked      0
phantom     0
mass        70
shadows     0
restitution 0.9
#animation	anims/human/garda.ska 0
#animation	anims/human/stoi.ska 0
#animation	anims/human/garda.ska	0	4700
animation	anims/human/skulony.ska	0
animation	anims/human/kiwa_sie.ska	0
#animation	anims/human/idzie.ska 0
control     camera
enemy       0

