[general]
#import   sumo/sumo.map
# night sky
#skybox   night.3dx
#skycolor 0.04 0.04 0.04
# day sky
skycolor 0.8 0.8 1
spawn1rot    0 0 180
spawn1pos    -0.35 -1.5 0.95
spawn2pos    -0.35 1.5 0.95

#################### LIGHTS

# yellow
[`light]
type	POINT
att_const	0.9
att_linear	0.005
att_square	0.0005
color	1	0.7	0
softness	0.4
position	0	0	9

# day sky
[skip light]
type      INFINITE
color     0.9 0.9 0.9
softness  0.4
direction -10 -10 -10
att_const  0.9
att_linear 0.005
att_square 0.0005

#################### OBJECTS

[model]
model	3ds/sumo/tribune.3ds
position	0.0	-12.6	0.0
shadows     1
physical	0

[model]
model	3ds/sumo/tribune.3ds
position	0.0	-11.9	0.0
rotation    0 0 90
shadows     1
physical	0

[model]
model	3ds/sumo/tribune.3ds
#position	0.0	-12.6	0.0
position	0.7	-11.9	0.0
rotation    0 0 180
shadows     1
physical	0

[model]
model	3ds/sumo/tribune.3ds
position	0.7	-12.6	0.0
rotation    0 0 -90
shadows     1
physical	0
#

[model]
model	3ds/sumo/passage.3ds
position	-52.07	51.37	0.0
shadows     0
physical	0

[model]
model	3ds/sumo/passage.3ds
position	-52.07	52.07	0.0
rotation    0 0 90
shadows     0
physical	0

[model]
model	3ds/sumo/passage.3ds
position	-51.37	52.07	0.0
rotation    0 0 180
shadows     0
physical	0

[model]
model	3ds/sumo/passage.3ds
position	-51.37	51.37	0.0
rotation    0 0 -90
shadows     0
physical	0

#

[model]
model	sumo/floor.3dx
position	-0.35	-0.35	0.0
shadows     0
physical	0

#

[model]
model	sumo/ring.3dx
position	-0.35	-0.35	0.0
shadows     0
physical	0


#

[model]
model	3ds/sumo/house.3ds
position	-0.35	-0.35	0.0
shadows     1
physical	0
phantom     1


#

[model]
model	3ds/sumo/wall.3ds
position	92.97  -7.03 -34.95
shadows     1
physical	0
phantom     1

[model]
model	3ds/sumo/wall.3ds
position	92.97  -6.24 -34.95
rotation    0 0 90
shadows     1
physical	0
phantom     1

[model]
model	3ds/sumo/wall.3ds
position	93.75  -7.05 -34.95
rotation    0 0 -90
shadows     1
physical	0
phantom     1

[model]
model	3ds/sumo/wall.3ds
position	93.75  -6.25 -34.95
rotation    0 0 180
shadows     1
physical	0
phantom     1


#

[model]
model	3ds/sumo/pillars.3ds
position	-0.35	-0.35	20
shadows     0
physical	0

#

[model]
model	3ds/sumo/lattice.3ds
position	-0.35	-0.35	42
shadows     0
physical	0

#

[model]
model	3ds/sumo/roof.3ds
position	-0.35	-0.35	42
shadows     0
physical	0




[skip person]
fastm	    human2_fst.3dx
model	    human2.3dx
rotation    0 0 180
position    -0.35 -1.5 0.95
customBVH	0
physical    1
locked      0
phantom     0
mass        70
shadows     0
restitution 0.9
control     comboard
style       Karate anims/karate.txt
name        "ComBoard player"
enemy       1

