# OBJECTS

[model]
model	floor0_F.3dx
position	0.0	0.0	-0.21
physical	0
phantom	0
#
[model]
model	floor1.3dx
position	0.0	0.0	-0.21
physical	0
phantom	0
shadows 1
#
[model]
model	ceiling_lower.3dx
position	0.0	0.0	-0.21
physical	0
phantom	0
#
[model]
model	roof_upper.3dx
position	-0.03	-0.117	15.15
rotation	0.0	0.0	90.0
physical	0
phantom	0
shadows 1
#
[model]
model	skeleton.3dx
position	0.0	0.0	-0.68
physical	0
phantom	0
#
[skip model]
model	wall_entrance.3dx
position	0.0	0.0	-0.21
physical	0
phantom	0
shadows 1
#
# North
#
[model]
model	wall_inner_short.3dx
position	-19.592	0.055	7.039
rotation	0	0	-90
physical	0
phantom	0
shadows 1
#
# South
#
[model]
model	wall_inner_short.3dx
position	-19.491	0.015	7.039
rotation	0	0	90
physical	0
phantom	0
shadows 1
#
# West
#
[model]
model	wall_inner_long.3dx
position	-0.034	-11.919	7.0
rotation	0	0	-90
physical	0
phantom	0
shadows 1
#
# East
#
[model]
model	wall_inner_long.3dx
position	0.066	-11.9575	7.0
rotation	0	0	90
physical	0
phantom	0
shadows 1
#
# External wall east
#
[model]
model	wall_external_long.3dx
position	0.156	-16.315	0.14
rotation	0	0	90
physical	0
phantom	0
shadows 1
#
[model]
model	pillar.3dx
position	0.0	0.0	-0.21
physical	0
phantom	0
#
[model]
model	pillar.3dx
position	0.0	9.665	-0.21
physical	0
phantom	0
#
[model]
model	pillar.3dx
position	0.0	19.32	-0.21
physical	0
phantom	0
#
[model]
model	pillar.3dx
position	0.0	29.1	-0.21
physical	0
phantom	0
#
[model]
model	pillar.3dx
position	0.0	39.0	-0.21
physical	0
phantom	0
#
# External wall west
#
[model]
model	wall_external_long.3dx
position	0.07	-16.27	0.14
rotation	0	0	-90
physical	0
phantom	0
shadows 1
#
[model]
model	pillar.3dx
position	0.05	-0.22	-0.21
rotation	0	0	180
physical	0
phantom	0
#
[model]
model	pillar.3dx
position	0.05	9.48	-0.21
rotation	0	0	180
physical	0
phantom	0
#
[model]
model	pillar.3dx
position	0.05	18.98	-0.21
rotation	0	0	180
physical	0
phantom	0
#
[model]
model	pillar.3dx
position	0.05	29.18	-0.21
rotation	0	0	180
physical	0
phantom	0
#
[model]
model	pillar.3dx
position	0.05	38.78	-0.21
rotation	0	0	180
physical	0
phantom	0
#
# Internal pillars east
#
[model]
model	pillar_inner.3dx
position	0.0	0.0	-0.21
physical	0
phantom	0
shadows 1
#
[model]
model	pillar_inner_slim.3dx
position	0.0	0.0	-0.21
physical	0
phantom	0
shadows 1
#
[model]
model	pillar_inner.3dx
position	0.0	38.735	-0.21
physical	0
phantom	0
shadows 1
#
# Internal pillars west
#
[model]
model	pillar_inner.3dx
position	0.04	0.1	-0.21
rotation	0	0	180
physical	0
phantom	0
shadows 1
#
[model]
model	pillar_inner_slim.3dx
position	0.04	0.1	-0.21
rotation	0	0	180
physical	0
phantom	0
shadows 1
#
[model]
model	pillar_inner.3dx
position	0.04	38.835	-0.21
rotation	0	0	180
physical	0
phantom	0
shadows 1
#
# Internal pillars north
#
[model]
model	pillar_inner_slim.3dx
position	7.85	3.904	-0.21
rotation	0	0	90
physical	0
phantom	0
shadows 1
#
[model]
model	pillar_inner_slim.3dx
position	7.85	-3.845	-0.21
rotation	0	0	90
physical	0
phantom	0
shadows 1
#
# Internal pillars south
#
[model]
model	pillar_inner_slim.3dx
position	7.7	3.94	-0.21
rotation	0	0	-90
physical	0
phantom	0
shadows 1
#
[model]
model	pillar_inner_slim.3dx
position	7.7	-3.82	-0.21
rotation	0	0	-90
physical	0
phantom	0
shadows 1
#
#
# Stuff
#
[model]
model	stairs.3dx
position	6.359	-14.588	0.36
rotation	0	0	90
physical	0
phantom	0
shadows 1
#
[model]
model	rack.3dx
position	6.0	12.0	0.265
rotation	0	0	-90
physical	1
phantom	0
mass	50
shadows 1
#
[model]
model	sword.3dx
position	5.86	11.9	1.53
rotation	0	0	-90
physical	1
phantom	0
mass	2
shadows 1
#
[model]
model	sword.3dx
position	5.86	11.9	1.83
rotation	0	0	-90
physical	1
phantom	0
mass	2
shadows 1
#
[model]
model	sword.3dx
position	5.86	11.9	2.43
rotation	0	0	-90
physical	1
phantom	0
mass	2
shadows 1
#
[model]
model	rack_staff.3dx
position	4.0	12.0	0.27
rotation	0	0	-90
physical	1
phantom	0
mass	50
shadows 1
#
[model]
model	rack_belt.3dx
position	8.0	12.0	0.27
rotation	0	0	-90
physical	1
phantom	0
mass	50
shadows 1