#
model	../night.3dx
position	0.0	0.0	0.0
physical	0
phantom	0
#
model	floor0_F.3dx
position	0.0	0.0	-0.21
physical	0
phantom	0
#
model	floor1.3dx
position	0.0	0.0	-0.21
physical	0
phantom	0
#
model	ceiling_lower.3dx
position	0.0	0.0	-0.21
physical	0
phantom	0
#
model	roof_upper.3dx
position	-0.03	-0.117	15.15
rotation	0.0	0.0	90.0
physical	0
phantom	0
#
model	skeleton.3dx
position	0.0	0.0	-0.21
physical	0
phantom	0
#
model	wall_entrance.3dx
position	0.0	0.0	-0.21
physical	0
phantom	0
#
# North
#
model	wall_inner_short.3dx
position	0.0	0.0	-0.21
physical	0
phantom	0
#
model	grates_short.3dx
position	0.001	0.0	-0.21
physical	0
phantom	0
#
model	grates_short.3dx
position	-7.75	0.0	-0.21
physical	0
phantom	0
#
model	grates_short.3dx
position	7.75	0.0	-0.21
physical	0
phantom	0
#
# South
#
model	wall_inner_short.3dx
position	0.04	0.18	-0.21
rotation	0	0	180
physical	0
phantom	0
#
model	grates_short.3dx
position	0.03	0.15	-0.21
rotation	0	0	180
physical	0
phantom	0
#
model	grates_short.3dx
position	-7.72	0.15	-0.21
rotation	0	0	180
physical	0
phantom	0
#
model	grates_short.3dx
position	7.79	0.15	-0.21
rotation	0	0	180
physical	0
phantom	0
#
# West
#
model	wall_inner_long.3dx
position	0.0	0.0	-0.21
physical	0
phantom	0
#
model	grates_long.3dx
position	0.0	0.0	-0.21
physical	0
phantom	0
#
model	wall_inner_long.3dx
position	0.0	19.8	-0.21
physical	0
phantom	0
#
model	grates_long.3dx
position	0.0	19.32	-0.21
physical	0
phantom	0
#
# East
#
model	wall_inner_long.3dx
position	0.04	0.1	-0.21
rotation	0	0	180
physical	0
phantom	0
#
model	grates_long.3dx
position	0.04	0.1	-0.21
rotation	0	0	180
physical	0
phantom	0
#
model	wall_inner_long.3dx
position	0.04	19.9	-0.21
rotation	0	0	180
physical	0
phantom	0
#
model	grates_long.3dx
position	0.04	19.42	-0.21
rotation	0	0	180
physical	0
phantom	0
#
# External wall west
#
model	wall_long.3dx
position	0.0	0.0	-0.21
physical	0
phantom	0
#
model	pillar.3dx
position	0.0	0.0	-0.21
physical	0
phantom	0
#
model	pillar.3dx
position	0.0	9.7	-0.21
physical	0
phantom	0
#
model	pillar.3dx
position	0.0	19.2	-0.21
physical	0
phantom	0
#
model	pillar.3dx
position	0.0	29.4	-0.21
physical	0
phantom	0
#
model	pillar.3dx
position	0.0	39.0	-0.21
physical	0
phantom	0
#
# External wall east
#
#
model	wall_long.3dx
position	0.05	0.2	-0.21
rotation	0	0	180
physical	0
phantom	0
#
model	pillar.3dx
position	0.05	-0.22	-0.21
rotation	0	0	180
physical	0
phantom	0
#
model	pillar.3dx
position	0.05	9.48	-0.21
rotation	0	0	180
physical	0
phantom	0
#
model	pillar.3dx
position	0.05	18.98	-0.21
rotation	0	0	180
physical	0
phantom	0
#
model	pillar.3dx
position	0.05	29.18	-0.21
rotation	0	0	180
physical	0
phantom	0
#
model	pillar.3dx
position	0.05	38.78	-0.21
rotation	0	0	180
physical	0
phantom	0
#
# Internal pillars west
#
model	pillar_inner.3dx
position	0.0	0.0	-0.21
physical	0
phantom	0
#
model	pillar_inner_slim.3dx
position	0.0	0.0	-0.21
physical	0
phantom	0
#
model	pillar_inner.3dx
position	0.0	38.735	-0.21
physical	0
phantom	0
#
# Internal pillars east
#
model	pillar_inner.3dx
position	0.04	0.1	-0.21
rotation	0	0	180
physical	0
phantom	0
#
model	pillar_inner_slim.3dx
position	0.04	0.1	-0.21
rotation	0	0	180
physical	0
phantom	0
#
model	pillar_inner.3dx
position	0.04	38.835	-0.21
rotation	0	0	180
physical	0
phantom	0
#
# Internal pillars north
#
model	pillar_inner_slim.3dx
position	7.85	3.904	-0.21
rotation	0	0	90
physical	0
phantom	0
#
model	pillar_inner_slim.3dx
position	7.85	-3.845	-0.21
rotation	0	0	90
physical	0
phantom	0
#
# Internal pillars south
#
model	pillar_inner_slim.3dx
position	7.7	3.94	-0.21
rotation	0	0	-90
physical	0
phantom	0
#
model	pillar_inner_slim.3dx
position	7.7	-3.82	-0.21
rotation	0	0	-90
physical	0
phantom	0
#
#
# Stuff
#
model	stairs.3dx
position	0.0	0.0	-0.21
physical	0
phantom	0
#
model	rack.3dx
position	8.0	15.60	0.265
rotation	0	0	90
physical	1
phantom	0
mass	50
#